
> inventory-automation-frontend@1.0.0 build
> react-scripts build

node.exe : 
(node:15016) [DEP0176] 
DeprecationWarning: 
fs.F_OK is deprecated, 
use fs.constants.F_OK 
instead
At line:1 char:1
+ & 
"D:\Nodejs/node.exe" "C
:\Users\PC\AppData\Roam
ing\npm/node_modules/ 
...
+ ~~~~~~~~~~~~~~~~~~~~~
~~~~~~~~~~~~~~~~~~~~~~~
~~~~~~~~~~~~~~~~~~~~~~~
~~
    + CategoryInfo     
         : 
NotSpecified: ((no    
de:15016) [D...ts.F_OK 
    instead:String) 
[], R    emoteException
    + 
FullyQualifiedErrorI   
 d : NativeCommandError
 
(Use `node 
--trace-deprecation 
...` to show where the 
warning was created)
Creating an optimized production build...
Failed to compile.

Module not found: Error: Can't resolve 'recharts' in 'D:\Invictus Day1Copy\src\pages'


